[nfengcom.wordpress.com/index.html]
[backblue.gif]
[fade.gif]
[index.html]
[s0.wp.com/wp-content/themes/h4/global21a2.css]
[nfengcom.wordpress.com/feed/index.html]
[s0.wp.com/wp-content/mu-plugins/highlander-comments/style68a8.css]
[s2.wp.com/_static/indexeb4d.html]
[nfengcom.wordpress.com/comments/feed/index.html]
[nfengcom.wordpress.com/xmlrpc0db0.php]
[s2.wp.com/i/webclip.png]
[nfengcom.wordpress.com/osd.xml]
[nfengcom.files.wordpress.com/2023/04/headshot-102dff.jpg]
[nfengcom.wordpress.com/2023/01/29/you-are-on-the-right-track/index.html]
[nfengcom.wordpress.com/2023/01/29/sweet-success-2/index.html]
[nfengcom.files.wordpress.com/2023/04/picture22dff.png]
[nfengcom.files.wordpress.com/2023/04/presentation62dff.png]
[nfengcom.files.wordpress.com/2023/04/presentation5-1ff21.gif]
[nfengcom.files.wordpress.com/2023/04/multiscale_stability-12dff.png]
[nfengcom.files.wordpress.com/2023/04/fe22dff.png]
[nfengcom.files.wordpress.com/2023/04/dynamics2dff.png]
[nfengcom.files.wordpress.com/2023/04/sfea2dff.png]
[0.gravatar.com/js/gprofiles7e40.js]
[nfengcom.wordpress.com/2023/01/29/brilliant/index.html]
[s1.wp.com/wp-content/mu-plugins/gravatar-hovercards/wpgrohodc5c.js]
[nfengcom.wordpress.com/GET]
[s2.wp.com/i/logo/wpcom-gray-white.png]
[s0.wp.com/_static/indexb71d.html]
[s0.wp.com/wp-content/mu-plugins/actionbar/actionbar2866.css]
[s0.wp.com/wp-content/mu-plugins/actionbar/actionbarb516.js]
[nfengcom.wordpress.com/wp-content/plugins/ie-sitemode/custom-jumplist.php]
[stats.wp.com/w03af.js]
[pixel.wp.com/b0b80.gif]
[nfengcom.wordpress.com/index.html]
[s1.wp.com/_static/indexd02a.html]
[s0.wp.com/wp-content/themes/h4/global21a2.css]
[s0.wp.com/wp-content/mu-plugins/highlander-comments/images/button-back.gif]
[s0.wp.com/wp-content/mu-plugins/highlander-comments/images/button-back-over.gif]
[s0.wp.com/wp-content/mu-plugins/highlander-comments/images/loader.gif]
[s0.wp.com/wp-content/mu-plugins/highlander-comments/style68a8.css]
[nfengcom.wordpress.com/2023/01/29/you-are-on-the-right-track/GET]
[nfengcom.wordpress.com/2023/01/29/you-are-on-the-right-track/index.html]
[nfengcom.wordpress.com/2023/01/29/you-are-on-the-right-track/feed/index.html]
[nfengcom.wordpress.com/category/uncategorized/index.html]
[nfengcom.wordpress.com/2023/01/29/sweet-success-2/GET]
[nfengcom.wordpress.com/2023/01/29/sweet-success-2/index.html]
[nfengcom.wordpress.com/2023/01/29/sweet-success-2/feed/index.html]
[nfengcom.wordpress.com/2023/01/29/brilliant/feed/index.html]
[nfengcom.wordpress.com/2023/01/29/brilliant/GET.1b.delayed]
[nfengcom.wordpress.com/2023/01/29/brilliant/index.html]
[nfengcom.wordpress.com/GET.html]
[s0.wp.com/wp-content/mu-plugins/actionbar/actionbar2866.css]
[nfengcom.wordpress.com/category/uncategorized/feed/index.html]
[nfengcom.wordpress.com/category/uncategorized/GET.1c.delayed]
[nfengcom.wordpress.com/category/uncategorized/index.html]
[nfengcom.wordpress.com/2023/01/29/you-are-on-the-right-track/GET.html]
[nfengcom.wordpress.com/2023/01/29/sweet-success-2/GET.html]
[nfengcom.wordpress.com/2023/01/29/brilliant/GET.html]
[nfengcom.wordpress.com/category/uncategorized/GET.html]
